// Vitest Snapshot v1, https://vitest.dev/guide/snapshot.html

exports[`App > matches snapshot 1`] = `
<div
  class="min-h-screen bg-slate-900 text-slate-100 flex flex-col"
>
  <header
    class="shrink-0 border-b border-slate-700 bg-slate-800 px-4 py-3"
  >
    <h1
      class="text-lg font-semibold sm:text-xl"
    >
      Vineyard Mower Dashboard
    </h1>
  </header>
  <main
    class="flex-1 overflow-auto p-4 sm:p-6"
  >
    <div
      class="mx-auto max-w-6xl space-y-6"
    >
      <div
        class="grid gap-6 lg:grid-cols-3"
      >
        <section
          class="lg:col-span-2"
        >
          <h2
            class="mb-2 text-sm font-medium uppercase tracking-wide text-slate-400"
          >
            Map
          </h2>
          <div
            class="overflow-hidden rounded-lg border border-slate-600 h-[320px] sm:h-[400px]"
          >
            <div
              class="h-full min-h-[280px] w-full leaflet-container leaflet-touch leaflet-grab leaflet-touch-drag leaflet-touch-zoom"
              style="position: relative;"
              tabindex="0"
            >
              <div
                class="leaflet-pane leaflet-map-pane"
                style="left: 0px; top: 0px;"
              >
                <div
                  class="leaflet-pane leaflet-tile-pane"
                >
                  <div
                    class="leaflet-layer "
                    style="z-index: 1;"
                  >
                    <div
                      class="leaflet-tile-container leaflet-zoom-animated"
                      style="z-index: 18; left: 0px; top: 0px;"
                    >
                      <img
                        alt=""
                        class="leaflet-tile"
                        src="https://a.tile.openstreetmap.org/16/10507/25211.png"
                        style="width: 256px; height: 256px; left: -155px; top: -252px;"
                      />
                    </div>
                  </div>
                </div>
                <div
                  class="leaflet-pane leaflet-overlay-pane"
                />
                <div
                  class="leaflet-pane leaflet-shadow-pane"
                >
                  <img
                    alt=""
                    class="leaflet-marker-shadow leaflet-zoom-hide"
                    src="https://unpkg.com/leaflet@1.9.4/dist/images/marker-shadow.png"
                    style="margin-left: -12px; margin-top: -41px; left: 0px; top: 0px;"
                  />
                </div>
                <div
                  class="leaflet-pane leaflet-marker-pane"
                >
                  <img
                    alt="Marker"
                    class="leaflet-marker-icon leaflet-zoom-hide leaflet-interactive"
                    role="button"
                    src="https://unpkg.com/leaflet@1.9.4/dist/images/marker-icon.png"
                    style="margin-left: -12px; margin-top: -41px; width: 25px; height: 41px; left: 0px; top: 0px; z-index: 0;"
                    tabindex="0"
                  />
                </div>
                <div
                  class="leaflet-pane leaflet-tooltip-pane"
                />
                <div
                  class="leaflet-pane leaflet-popup-pane"
                />
              </div>
              <div
                class="leaflet-control-container"
              >
                <div
                  class="leaflet-top leaflet-left"
                >
                  <div
                    class="leaflet-control-zoom leaflet-bar leaflet-control"
                  >
                    <a
                      aria-disabled="false"
                      aria-label="Zoom in"
                      class="leaflet-control-zoom-in"
                      href="#"
                      role="button"
                      title="Zoom in"
                    >
                      <span
                        aria-hidden="true"
                      >
                        +
                      </span>
                    </a>
                    <a
                      aria-disabled="false"
                      aria-label="Zoom out"
                      class="leaflet-control-zoom-out"
                      href="#"
                      role="button"
                      title="Zoom out"
                    >
                      <span
                        aria-hidden="true"
                      >
                        −
                      </span>
                    </a>
                  </div>
                </div>
                <div
                  class="leaflet-top leaflet-right"
                />
                <div
                  class="leaflet-bottom leaflet-left"
                />
                <div
                  class="leaflet-bottom leaflet-right"
                >
                  <div
                    class="leaflet-control-attribution leaflet-control"
                  >
                    <a
                      href="https://leafletjs.com"
                      title="A JavaScript library for interactive maps"
                    >
                      Leaflet
                    </a>
                     
                    <span
                      aria-hidden="true"
                    >
                      |
                    </span>
                     © 
                    <a
                      href="https://www.openstreetmap.org/copyright"
                    >
                      OpenStreetMap
                    </a>
                  </div>
                </div>
              </div>
            </div>
          </div>
        </section>
        <section
          class="flex flex-col gap-6"
        >
          <div>
            <h2
              class="mb-2 text-sm font-medium uppercase tracking-wide text-slate-400"
            >
              Battery
            </h2>
            <div
              class="flex flex-col items-center gap-1 "
            >
              <svg
                aria-label="Battery 72%"
                class="h-24 w-24 sm:h-28 sm:w-28"
                viewBox="0 0 100 100"
              >
                <circle
                  class="text-slate-700"
                  cx="50"
                  cy="50"
                  fill="none"
                  r="45"
                  stroke="currentColor"
                  stroke-width="8"
                />
                <circle
                  class="transition-[stroke-dashoffset] duration-300"
                  cx="50"
                  cy="50"
                  fill="none"
                  r="45"
                  stroke="#22c55e"
                  stroke-dasharray="282.7433388230814"
                  stroke-dashoffset="79.16813487046281"
                  stroke-linecap="round"
                  stroke-width="8"
                  transform="rotate(-90 50 50)"
                />
              </svg>
              <span
                class="text-sm font-medium tabular-nums text-slate-300"
              >
                72
                %
              </span>
            </div>
          </div>
          <div
            class="flex-1"
          >
            <h2
              class="mb-2 text-sm font-medium uppercase tracking-wide text-slate-400"
            >
              Status
            </h2>
            <div
              class="flex flex-wrap gap-4 rounded-lg border border-slate-600 bg-slate-800/80 p-4"
            >
              <div
                class="flex items-center gap-2"
              >
                <span
                  aria-hidden="true"
                  class="h-2.5 w-2.5 shrink-0 rounded-full bg-red-500 animate-pulse"
                />
                <span
                  class="text-sm text-slate-300"
                >
                  Connection
                </span>
                <span
                  class="text-sm font-medium text-slate-100"
                >
                  Disconnected
                </span>
              </div>
              <div
                class="flex items-center gap-2"
              >
                <span
                  class="text-sm text-slate-300"
                >
                  Mode
                </span>
                <span
                  class="rounded px-2 py-0.5 text-sm font-medium capitalize bg-slate-600 text-slate-400"
                >
                  idle
                </span>
              </div>
              <div
                class="flex items-center gap-2"
              >
                <span
                  class="text-sm text-slate-300"
                >
                  Speed
                </span>
                <span
                  class="text-sm font-medium tabular-nums text-slate-100"
                >
                  0.0
                   m/s
                </span>
              </div>
            </div>
          </div>
          <button
            class="rounded bg-slate-600 px-3 py-1.5 text-sm text-slate-200 hover:bg-slate-500"
            type="button"
          >
            Simulate GPS update
          </button>
        </section>
      </div>
    </div>
  </main>
</div>
`;
